<testsuites id="" name="" tests="0" failures="0" skipped="0" errors="0" time="0.022437000000000012">
</testsuites>